✓ Initialized. View run at 
https://modal.com/apps/aidanht/main/ap-BDjT1tGdk9ENzmHJrcg8Zq
✓ Created objects.
├── 🔨 Created mount 
│   C:\Users\Quant\Documents\Programming\Projects\Compiler\Mercury\tools\cloud\
│   modal_app.py
├── 🔨 Created mount 
│   C:\Users\Quant\Documents\Programming\Projects\Compiler\Mercury
├── 🔨 Created function device_info.
├── 🔨 Created function build.
├── 🔨 Created function build_peers.
├── 🔨 Created function ptxas.
├── 🔨 Created function test.
├── 🔨 Created function bench.
├── 🔨 Created function peers.
├── 🔨 Created function cutlass.
├── 🔨 Created function marlin.
├── 🔨 Created function framework.
└── 🔨 Created function interactive.

==========
== CUDA ==
==========

CUDA Version 12.9.2

Container image Copyright (c) 2016-2023, NVIDIA CORPORATION & AFFILIATES. All rights reserved.

This container image and its contents are governed by the NVIDIA Deep Learning Container License.
By pulling and using the container, you accept the terms and conditions of this license:
https://developer.nvidia.com/ngc/nvidia-deep-learning-container-license

A copy of this license is made available in this container at /NGC-DL-CONTAINER-LICENSE for your convenience.

[meter] bench: H100! + 8.0 cpu + 16 GiB = $4.456/hr; timeout 7200s caps this call at $8.91
[src] 805 files stamped; 0 new/changed since the last run (incremental)
Sweep on H100! — PEER_REQUIRED=1, STRONG_PEERS=(none declared)

[1m$ cargo test -p wukong_codegen_gpu --features gpu --release -- wgmma_config_sweep --ignored --nocapture --test-threads=1[0m
info: syncing channel updates for stable-x86_64-unknown-linux-gnu
info: latest update on 2026-07-16 for version 1.97.1 (8bab26f4f 2026-07-14)
info: downloading component clippy
[1m[92m    Finished[0m `release` profile [optimized] target(s) in 0.60s
[1m[92m     Running[0m unittests src/lib.rs (/persist/target/release/deps/wukong_codegen_gpu-53f0e4b228126785)

running 1 test

================ wgmma_config_sweep ================
# ---- wukong GPU round provenance (GPU_RETARGET_PLAN.md 6.1, emitted by the harness) ----
round          : wgmma_config_sweep
gpu            : NVIDIA H100 80GB HBM3
compute cap    : 9.0
SMs            : 132
spec check     : VERIFIED against spec (132 SMs, cc 9.0; GH100 SXM5 / NVL, 16896 cores / 128)
opt-in SMEM    : 232448 B
L2             : 52428800 B
VRAM           : 85017624576 B
driver CUDA API: 13.0 (13000)
CUDA runtime   : none linked (driver API only: PTX is JIT-loaded by the driver)
kmd driver     : 580.95.05
provider / SKU : n/a / n/a
clock lock     : UNKNOWN (undeclared)
clocks before  : sm 1980 MHz  mem 2619.0 MHz  temp 32.0 C  power 106.5 W
peer (arms A,C): cuBLAS f16 (f32 out)
*** CLOCKS ARE NOT LOCKED (or the lock is undeclared). Per GPU_RETARGET_PLAN.md 6.3 this round is ITERATION data, not publication data.
plan           : 10 rows x 3 shapes, 5 recorded rounds + 1 warm-up, bar +/-5.00%, median across rounds
wait depth     : NOT an axis. The mainloop's `wgmma.wait_group 0` sits immediately before the stage release,
                 so its depth is pinned by the release (the buffer may not be published before its last read),
                 not free. The lever round 1's PTX dump exposes is a RESTRUCTURING -- commit per K step and
                 defer the release one stage, so the tensor cores are not drained to empty between stages --
                 plus a vectorized epilogue (128 scalar predicated st.global.f32 today, pairs are adjacent).
                 Both are follow-ups; neither is a knob this round could sweep.
bench machine_floor: floor +0.30% (bar +/-5.00%), median of 5 rounds  [GATE SHUT: control-only round: the floor is measured, but there is no contender arm to publish]
  field                                 A              C              B      C/A-1      B/A-1  verdict
  probe_us                      11.577000      11.611850            n/a     +0.30%        n/a  no-contender

---- wgmma_config_sweep: the configuration grid ----
smem layout    : SmemLayout::Swizzle128 { lbo_bytes: 16, swapped: false } (every row; the reading the 2026-08-10 sweep settled on hardware)
multicast rule : a .multicast::cluster copy of n bytes performs complete-tx of n on EVERY destination
                 CTA's mbarrier -- it does not divide n among them -- so a c-way split multicast of A
                 plus one own B tile is still tile_a + tile_b per CTA. The clustered and un-clustered
                 rows therefore declare the SAME expect_tx, reached by different arithmetic.
  w1_s4_off    wgmma_nt_f16_128x256x64_s4         128x256x64 s4 cluster 1x1x1, 384 thr, 32p/232c regs | 4 stages x 49152 B + 64 B barriers = 196672 B of 232448 B (84.6%)
      why THE CONTROL. Round 1's measured row, unchanged: 128x256x64 s4, cluster 1x1x1. Its headline here must land near round 1's 67.5% at sq4096 / 58.8% at sq8192, or the instrument moved and no other row is readable
  w1_s4_mc2    wgmma_nt_f16_128x256x64_s4_mc2     128x256x64 s4 cluster 2x1x1, 384 thr, 32p/232c regs | 4 stages x 49152 B + 64 B barriers = 196672 B of 232448 B (84.6%)
      why THE HEADLINE. The same tile, depth, layout and register split with a 2x1x1 cluster and .multicast::cluster on A -- D1 4.5's W1 as specified. One fact different from the control, so the difference is the cluster
  w1_s3_off    wgmma_nt_f16_128x256x64_s3         128x256x64 s3 cluster 1x1x1, 384 thr, 32p/232c regs | 3 stages x 49152 B + 48 B barriers = 147504 B of 232448 B (63.5%)
      why Depth 3 without the cluster: the control arm of the depth axis
  w1_s3_mc2    wgmma_nt_f16_128x256x64_s3_mc2     128x256x64 s3 cluster 2x1x1, 384 thr, 32p/232c regs | 3 stages x 49152 B + 48 B barriers = 147504 B of 232448 B (63.5%)
      why Depth 3 with the cluster. Halving A's L2 traffic shortens the fill the ring is hiding, so the depth that was right at full traffic need not be right at half
  w1_s2_off    wgmma_nt_f16_128x256x64_s2         128x256x64 s2 cluster 1x1x1, 384 thr, 32p/232c regs | 2 stages x 49152 B + 32 B barriers = 98336 B of 232448 B (42.3%)
      why Depth 2 without the cluster -- the shallow end, and the row that says how much of the deficit is fill latency at all
  w1_s2_mc2    wgmma_nt_f16_128x256x64_s2_mc2     128x256x64 s2 cluster 2x1x1, 384 thr, 32p/232c regs | 2 stages x 49152 B + 32 B barriers = 98336 B of 232448 B (42.3%)
      why Depth 2 with the cluster. Pairing every measurable depth at both settings is what keeps 'deeper is better' and 'clustered is better' from being one measurement
  w1_s5_mc2    wgmma_nt_f16_128x256x64_s5_mc2     DECLINED | 5 stages x 49152 B + 80 B barriers = 245840 B of 232448 B (105.8%)
      ptx_wgmma::UNSUPPORTED: wgmma_nt_f16_128x256x64_s5_mc2: 245840 B of shared memory (5 stages x 49152 B + 80 B of barriers) exceeds the 232448 B per-CTA ceiling
      why Depth 5 at 128x256. EXPECTED TO DECLINE on shared memory -- and the decline is the point: the cluster does not change the ring's size, so the depth axis stops at 4 for this tile at BOTH cluster settings
  w1_s6_mc2    wgmma_nt_f16_128x256x64_s6_mc2     DECLINED | 6 stages x 49152 B + 96 B barriers = 295008 B of 232448 B (126.9%)
      ptx_wgmma::UNSUPPORTED: wgmma_nt_f16_128x256x64_s6_mc2: 295008 B of shared memory (6 stages x 49152 B + 96 B of barriers) exceeds the 232448 B per-CTA ceiling
      why Depth 6 at 128x256. Expected to decline by a wider margin, which pins the ceiling rather than leaving it at one data point
  w3c_s6_off   wgmma_nt_f16_128x128x64_s6         128x128x64 s6 cluster 1x1x1, 384 thr, 32p/168c regs | 6 stages x 32768 B + 96 B barriers = 196704 B of 232448 B (84.6%)
      why D1's moderate-size arm (128x128x64 s6), which round 1 excluded because a second kernel in ITS contender arm would have been an A/B against two things at once. Here every row is scored against the same cuBLAS, so it is a row
  w3c_s6_mc2   wgmma_nt_f16_128x128x64_s6_mc2     128x128x64 s6 cluster 2x1x1, 384 thr, 32p/168c regs | 6 stages x 32768 B + 96 B barriers = 196704 B of 232448 B (84.6%)
      why The narrow tile WITH the cluster: does the A-multicast lever transfer to a tile whose per-CTA A traffic is already amortised over half as many output columns?
  -> 8 of 10 rows are launchable on this part (232448 B carveout). A decline is a finding: clustering does
     not change the ring's size, so the depth axis stops at the same place at BOTH cluster settings.

---- wgmma_config_sweep: correctness, before a single timed launch ----
Every row runs at N = 2 x its own BN, so a clustered row's two CTAs hold DIFFERENT N halves of the same
M tile and each of its A halves has to arrive by multicast from its peer. A multicast defect is silently
wrong data on half the accumulator rows, so the verdict is `==` against an f64 reference over exact-integer
operands, never a tolerance. A fast wrong kernel must not post a timing.
  w1_s4_off    128x256x512 grid 2x1 (2 cluster(s)): EXACT on all 65536 lanes
  w1_s4_mc2    128x256x512 grid 2x1 (1 cluster(s)): EXACT on all 65536 lanes
  w1_s3_off    128x192x512 grid 2x1 (2 cluster(s)): EXACT on all 65536 lanes
  w1_s3_mc2    128x192x512 grid 2x1 (1 cluster(s)): EXACT on all 65536 lanes
  w1_s2_off    128x128x512 grid 2x1 (2 cluster(s)): EXACT on all 65536 lanes
  w1_s2_mc2    128x128x512 grid 2x1 (1 cluster(s)): EXACT on all 65536 lanes
  w3c_s6_off   128x384x256 grid 2x1 (2 cluster(s)): EXACT on all 32768 lanes
  w3c_s6_mc2   128x384x256 grid 2x1 (1 cluster(s)): EXACT on all 32768 lanes
  peer         128x256x512: matches the same f64 reference (max_abs 0.00e0) ✓

---- wgmma_config_sweep: sweeping 8 rows x 3 shapes; arms A and C are BOTH cuBLAS f16 (f32 out) (the peer twin), arm B is the row ----
  sq2048              2048x2048x2048  1000 launches/region  [D1 5.3: 16 MiB, 0.32x L2 -- L2-resident. D1 4.5 puts W3 (128x128) here because a 256-wide tile quantizes below M*N = 4.3e6; W1 is measured here anyway, as the evidence for that claim]
  sq4096              4096x4096x4096  146 launches/region  [D1 5.3: 64 MiB, 1.28x L2 -- the raster crossover, and the first of the two shapes D1 4.5 predicts W1 at 95-108% of cuBLAS on]
  sq8192              8192x8192x8192  18 launches/region  [D1 5.3: 256 MiB, 5.12x L2 -- raster plus streaming C, and the second 95-108% point]
test gpu::tests::wgmma_config_sweep ... 
---- wgmma_config_sweep: round close ----
# ---- wukong GPU round provenance (GPU_RETARGET_PLAN.md 6.1, emitted by the harness) ----
round          : wgmma_config_sweep
gpu            : NVIDIA H100 80GB HBM3
compute cap    : 9.0
SMs            : 132
spec check     : VERIFIED against spec (132 SMs, cc 9.0; GH100 SXM5 / NVL, 16896 cores / 128)
opt-in SMEM    : 232448 B
L2             : 52428800 B
VRAM           : 85017624576 B
driver CUDA API: 13.0 (13000)
CUDA runtime   : none linked (driver API only: PTX is JIT-loaded by the driver)
kmd driver     : 580.95.05
provider / SKU : n/a / n/a
clock lock     : UNKNOWN (undeclared)
clocks before  : sm 1980 MHz  mem 2619.0 MHz  temp 32.0 C  power 106.5 W
clocks after   : sm 1965 MHz  mem 2619.0 MHz  temp 36.0 C  power 185.4 W
sm clock drift : +0.76% (bar +/-5.00%)
wall           : 51.7 s
cost estimate  : n/a (set WUKONG_GPU_USD_PER_HR)
publish gate   : OPEN (round level)

---- wgmma_config_sweep: per-cell verdicts ----
[w1_s4_off/sq2048]
bench wgmma_config_sweep@w1_s4_off/sq2048: floor +0.13% (bar +/-5.00%), median of 5 rounds
  field                                 A              C              B      C/A-1      B/A-1  verdict
  gemm_ms                        0.026202       0.026169       0.038918     -0.13%    +48.53%  moved
[w1_s4_off/sq4096]
bench wgmma_config_sweep@w1_s4_off/sq4096: floor +0.01% (bar +/-5.00%), median of 5 rounds
  field                                 A              C              B      C/A-1      B/A-1  verdict
  gemm_ms                        0.164568       0.164579       0.248148     +0.01%    +50.79%  moved
[w1_s4_off/sq8192]
bench wgmma_config_sweep@w1_s4_off/sq8192: floor +0.00% (bar +/-5.00%), median of 5 rounds
  field                                 A              C              B      C/A-1      B/A-1  verdict
  gemm_ms                        1.264815       1.264832       2.290354     +0.00%    +81.08%  moved
[w1_s4_mc2/sq2048]
bench wgmma_config_sweep@w1_s4_mc2/sq2048: floor +0.68% (bar +/-5.00%), median of 5 rounds
  field                                 A              C              B      C/A-1      B/A-1  verdict
  gemm_ms                        0.026321       0.026143       0.041564     -0.68%    +57.91%  moved
[w1_s4_mc2/sq4096]
bench wgmma_config_sweep@w1_s4_mc2/sq4096: floor +0.03% (bar +/-5.00%), median of 5 rounds
  field                                 A              C              B      C/A-1      B/A-1  verdict
  gemm_ms                        0.164607       0.164551       0.241673     -0.03%    +46.82%  moved
[w1_s4_mc2/sq8192]
bench wgmma_config_sweep@w1_s4_mc2/sq8192: floor +0.60% (bar +/-5.00%), median of 5 rounds
  field                                 A              C              B      C/A-1      B/A-1  verdict
  gemm_ms                        1.264808       1.272370       1.752309     +0.60%    +38.54%  moved
[w1_s3_off/sq2048]
bench wgmma_config_sweep@w1_s3_off/sq2048: floor +0.40% (bar +/-5.00%), median of 5 rounds
  field                                 A              C              B      C/A-1      B/A-1  verdict
  gemm_ms                        0.026241       0.026137       0.039389     -0.40%    +50.10%  moved
[w1_s3_off/sq4096]
bench wgmma_config_sweep@w1_s3_off/sq4096: floor +0.05% (bar +/-5.00%), median of 5 rounds
  field                                 A              C              B      C/A-1      B/A-1  verdict
  gemm_ms                        0.164570       0.164645       0.245286     +0.05%    +49.05%  moved
[w1_s3_off/sq8192]
bench wgmma_config_sweep@w1_s3_off/sq8192: floor +0.69% (bar +/-5.00%), median of 5 rounds
  field                                 A              C              B      C/A-1      B/A-1  verdict
  gemm_ms                        1.265075       1.273848       1.796142     +0.69%    +41.98%  moved
[w1_s3_mc2/sq2048]
bench wgmma_config_sweep@w1_s3_mc2/sq2048: floor +0.09% (bar +/-5.00%), median of 5 rounds
  field                                 A              C              B      C/A-1      B/A-1  verdict
  gemm_ms                        0.026216       0.026193       0.041770     -0.09%    +59.33%  moved
[w1_s3_mc2/sq4096]
bench wgmma_config_sweep@w1_s3_mc2/sq4096: floor +0.03% (bar +/-5.00%), median of 5 rounds
  field                                 A              C              B      C/A-1      B/A-1  verdict
  gemm_ms                        0.164662       0.164613       0.247419     -0.03%    +50.26%  moved
[w1_s3_mc2/sq8192]
bench wgmma_config_sweep@w1_s3_mc2/sq8192: floor +1.39% (bar +/-5.00%), median of 5 rounds
  field                                 A              C              B      C/A-1      B/A-1  verdict
  gemm_ms                        1.264812       1.282432       1.772500     +1.39%    +40.14%  moved
[w1_s2_off/sq2048]
bench wgmma_config_sweep@w1_s2_off/sq2048: floor +0.03% (bar +/-5.00%), median of 5 rounds
  field                                 A              C              B      C/A-1      B/A-1  verdict
  gemm_ms                        0.026041       0.026049       0.041322     +0.03%    +58.68%  moved
[w1_s2_off/sq4096]
bench wgmma_config_sweep@w1_s2_off/sq4096: floor +0.05% (bar +/-5.00%), median of 5 rounds
  field                                 A              C              B      C/A-1      B/A-1  verdict
  gemm_ms                        0.164575       0.164492       0.267632     -0.05%    +62.62%  moved
[w1_s2_off/sq8192]
bench wgmma_config_sweep@w1_s2_off/sq8192: floor +0.74% (bar +/-5.00%), median of 5 rounds
  field                                 A              C              B      C/A-1      B/A-1  verdict
  gemm_ms                        1.264709       1.274033       1.904799     +0.74%    +50.61%  moved
[w1_s2_mc2/sq2048]
bench wgmma_config_sweep@w1_s2_mc2/sq2048: floor +0.18% (bar +/-5.00%), median of 5 rounds
  field                                 A              C              B      C/A-1      B/A-1  verdict
  gemm_ms                        0.026044       0.025997       0.047925     -0.18%    +84.02%  moved
[w1_s2_mc2/sq4096]
bench wgmma_config_sweep@w1_s2_mc2/sq4096: floor +0.04% (bar +/-5.00%), median of 5 rounds
  field                                 A              C              B      C/A-1      B/A-1  verdict
  gemm_ms                        0.164576       0.164635       0.285034     +0.04%    +73.19%  moved
[w1_s2_mc2/sq8192]
bench wgmma_config_sweep@w1_s2_mc2/sq8192: floor +0.66% (bar +/-5.00%), median of 5 rounds
  field                                 A              C              B      C/A-1      B/A-1  verdict
  gemm_ms                        1.264768       1.273143       1.996367     +0.66%    +57.84%  moved
[w3c_s6_off/sq2048]
bench wgmma_config_sweep@w3c_s6_off/sq2048: floor +0.09% (bar +/-5.00%), median of 5 rounds
  field                                 A              C              B      C/A-1      B/A-1  verdict
  gemm_ms                        0.025985       0.026008       0.044706     +0.09%    +72.04%  moved
[w3c_s6_off/sq4096]
bench wgmma_config_sweep@w3c_s6_off/sq4096: floor +0.07% (bar +/-5.00%), median of 5 rounds
  field                                 A              C              B      C/A-1      B/A-1  verdict
  gemm_ms                        0.164516       0.164406       0.286270     -0.07%    +74.01%  moved
[w3c_s6_off/sq8192]
bench wgmma_config_sweep@w3c_s6_off/sq8192: floor +1.39% (bar +/-5.00%), median of 5 rounds
  field                                 A              C              B      C/A-1      B/A-1  verdict
  gemm_ms                        1.256272       1.273750       2.934960     +1.39%   +133.62%  moved
[w3c_s6_mc2/sq2048]
bench wgmma_config_sweep@w3c_s6_mc2/sq2048: floor +0.01% (bar +/-5.00%), median of 5 rounds
  field                                 A              C              B      C/A-1      B/A-1  verdict
  gemm_ms                        0.025972       0.025969       0.048223     -0.01%    +85.67%  moved
[w3c_s6_mc2/sq4096]
bench wgmma_config_sweep@w3c_s6_mc2/sq4096: floor +0.01% (bar +/-5.00%), median of 5 rounds
  field                                 A              C              B      C/A-1      B/A-1  verdict
  gemm_ms                        0.164600       0.164586       0.289442     -0.01%    +75.85%  moved
[w3c_s6_mc2/sq8192]
bench wgmma_config_sweep@w3c_s6_mc2/sq8192: floor +1.33% (bar +/-5.00%), median of 5 rounds
  field                                 A              C              B      C/A-1      B/A-1  verdict
  gemm_ms                        1.256664       1.273413       2.423570     +1.33%    +92.86%  moved

---- wgmma_config_sweep: the published table (% of cuBLAS f16 (f32 out); higher is better) ----
  row          kernel                                             sq2048                 sq4096                 sq8192
  w1_s4_off    wgmma_nt_f16_128x256x64_s4         67.3% (moved, +/-0.13%) 66.3% (moved, +/-0.01%) 55.2% (moved, +/-0.00%)
  w1_s4_mc2    wgmma_nt_f16_128x256x64_s4_mc2     63.3% (moved, +/-0.68%) 68.1% (moved, +/-0.03%) 72.2% (moved, +/-0.60%)
  w1_s3_off    wgmma_nt_f16_128x256x64_s3         66.6% (moved, +/-0.40%) 67.1% (moved, +/-0.05%) 70.4% (moved, +/-0.69%)
  w1_s3_mc2    wgmma_nt_f16_128x256x64_s3_mc2     62.8% (moved, +/-0.09%) 66.6% (moved, +/-0.03%) 71.4% (moved, +/-1.39%)
  w1_s2_off    wgmma_nt_f16_128x256x64_s2         63.0% (moved, +/-0.03%) 61.5% (moved, +/-0.05%) 66.4% (moved, +/-0.74%)
  w1_s2_mc2    wgmma_nt_f16_128x256x64_s2_mc2     54.3% (moved, +/-0.18%) 57.7% (moved, +/-0.04%) 63.4% (moved, +/-0.66%)
  w3c_s6_off   wgmma_nt_f16_128x128x64_s6         58.1% (moved, +/-0.09%) 57.5% (moved, +/-0.07%) 42.8% (moved, +/-1.39%)
  w3c_s6_mc2   wgmma_nt_f16_128x128x64_s6_mc2     53.9% (moved, +/-0.01%) 56.9% (moved, +/-0.01%) 51.9% (moved, +/-1.33%)
  w1_s5_mc2    wgmma_nt_f16_128x256x64_s5_mc2                   DECLINED
      5 stages x 49152 B + 80 B barriers = 245840 B of 232448 B (105.8%)  |  ptx_wgmma::UNSUPPORTED: wgmma_nt_f16_128x256x64_s5_mc2: 245840 B of shared memory (5 stages x 49152 B + 80 B of barriers) exceeds the 232448 B per-CTA ceiling
  w1_s6_mc2    wgmma_nt_f16_128x256x64_s6_mc2                   DECLINED
      6 stages x 49152 B + 96 B barriers = 295008 B of 232448 B (126.9%)  |  ptx_wgmma::UNSUPPORTED: wgmma_nt_f16_128x256x64_s6_mc2: 295008 B of shared memory (6 stages x 49152 B + 96 B of barriers) exceeds the 232448 B per-CTA ceiling

---- wgmma_config_sweep: RANKED at sq4096 (the first of D1 4.5's two prediction points) ----
   1. w1_s4_mc2      68.1%  BEST of this round
   2. w1_s3_off      67.1%  -1.5% vs the best row
   3. w1_s3_mc2      66.6%  -2.3% vs the best row
   4. w1_s4_off      66.3%  -2.6% vs the best row
   5. w1_s2_off      61.5%  -9.7% vs the best row
   6. w1_s2_mc2      57.7%  -15.2% vs the best row
   7. w3c_s6_off     57.5%  -15.6% vs the best row
   8. w3c_s6_mc2     56.9%  -16.5% vs the best row

  HEADLINE: the 2x1x1 cluster with .multicast::cluster on A takes W1 from 66.3% to 68.1% of cuBLAS f16 (f32 out) at sq4096 (+1.8 points). D1 4.5 predicts 95-108%.

---- wgmma_config_sweep: DIAGNOSTIC absolutes (NOT publishable; clock-dependent) ----
  row          shape           peer ms      ours ms peer TFLOP/s ours TFLOP/s
  w1_s4_off    sq2048           0.0262       0.0389        655.7        441.4
  w1_s4_off    sq4096           0.1646       0.2481        835.1        553.9
  w1_s4_off    sq8192           1.2648       2.2904        869.3        480.1
  w1_s4_mc2    sq2048           0.0263       0.0416        652.7        413.3
  w1_s4_mc2    sq4096           0.1646       0.2417        835.0        568.7
  w1_s4_mc2    sq8192           1.2648       1.7523        869.3        627.5
  w1_s3_off    sq2048           0.0262       0.0394        654.7        436.2
  w1_s3_off    sq4096           0.1646       0.2453        835.1        560.3
  w1_s3_off    sq8192           1.2651       1.7961        869.1        612.2
  w1_s3_mc2    sq2048           0.0262       0.0418        655.3      411.3
      sq4096    0.1647            555.5w1_s3_mc2               869.3      w1_s2_off            0.0413
w1_s2_off           0.2676     835.1     513.5              869.4    577.2  w1_s2_mc2           0.0479
w1_s2_mc2  sq4096                835.1    482.2w1_s2_mc2 sq8192           869.3    550.8  w3c_s6_off       0.0260
   sq4096                      w3c_s6_off sq8192                                      356.3  w3c_s6_mc2 sq4096                         w3c_s6_mc2          2.4236       453.7
ok

test result: ok. 1 passed; 0 failed; 0 ignored; 0 measured; 530 filtered out; finished in 52.68s

[1m[92m   Doc-tests[0m wukong_codegen_gpu
Stopping app - local entrypoint completed.

running 0 tests

test result: ok. 0 passed; 0 failed; 0 ignored; 0 measured; 2 filtered out; finished in 0.00s

[1m-> ok in 55.5s[0m
[meter] bench: 56.0s wall = $0.069 (record this in the round log)
✓ App completed. View run at 
https://modal.com/apps/aidanht/main/ap-BDjT1tGdk9ENzmHJrcg8Zq
PIPELINE_DONE
