✓ Initialized. View run at 
https://modal.com/apps/aidanht/main/ap-uCzkeOjaJboCEwoqIfW5DR
✓ Created objects.
├── 🔨 Created mount 
│   C:\Users\Quant\Documents\Programming\Projects\Compiler\Mercury\tools\cloud\
│   modal_app.py
├── 🔨 Created mount 
│   C:\Users\Quant\Documents\Programming\Projects\Compiler\Mercury
├── 🔨 Created function device_info.
├── 🔨 Created function build.
├── 🔨 Created function build_peers.
├── 🔨 Created function ptxas.
├── 🔨 Created function bench.
├── 🔨 Created function test.
├── 🔨 Created function marlin.
├── 🔨 Created function peers.
├── 🔨 Created function framework.
├── 🔨 Created function cutlass.
└── 🔨 Created function interactive.

==========
== CUDA ==
==========

CUDA Version 12.9.2

Container image Copyright (c) 2016-2023, NVIDIA CORPORATION & AFFILIATES. All rights reserved.

This container image and its contents are governed by the NVIDIA Deep Learning Container License.
By pulling and using the container, you accept the terms and conditions of this license:
https://developer.nvidia.com/ngc/nvidia-deep-learning-container-license

A copy of this license is made available in this container at /NGC-DL-CONTAINER-LICENSE for your convenience.

[meter] test: H100! + 8.0 cpu + 16 GiB = $4.456/hr; timeout 7200s caps this call at $8.91
[src] 805 files stamped; 0 new/changed since the last run (incremental)
Device suite on H100! — GPU_REQUIRED=1, PEER_REQUIRED=0

[1m$ cargo test -p wukong_codegen_gpu --features gpu --release -- wgmma --nocapture --test-threads=1[0m
info: syncing channel updates for stable-x86_64-unknown-linux-gnu
info: latest update on 2026-07-16 for version 1.97.1 (8bab26f4f 2026-07-14)
info: downloading component clippy
[1m[92m    Finished[0m `release` profile [optimized] target(s) in 3.26s
[1m[92m     Running[0m unittests src/lib.rs (/persist/target/release/deps/wukong_codegen_gpu-53f0e4b228126785)

running 57 tests
[gate] 9 wgmma entries declare exactly PARAM_ORDER (6 params, kinds in order) ✓
test gpu::tests::every_wgmma_entry_declares_exactly_the_parameters_the_launcher_pushes ... ok
test gpu::tests::wgmma_bf16_vs_cublas ... ignored, Act-2 perf round; Hopper + cuBLAS; run explicitly (ptx_wgmma::WGMMA_BENCH_INVOCATION)

[wgmma-cluster] wgmma_nt_f16_128x256x64_s4_mc2 vs wgmma_nt_f16_128x256x64_s4 on NVIDIA H100 80GB HBM3: cluster 2x1x1, A slice 8192 B of 16384 B per CTA, ctaMask 0x3, empty[s] takes 4 arrivals
        128 x 256   x 512   grid 2x1 (1 clusters): EXACT, == the un-clustered row, reproducible
        256 x 256   x 1024  grid 4x2 (4 clusters): EXACT, == the un-clustered row, reproducible
        128 x 320   x 768   grid 4x1 (2 clusters): EXACT, == the un-clustered row, reproducible
        135 x 112   x 507   grid 2x2 (2 clusters): EXACT, == the un-clustered row, reproducible
[gate] wgmma_nt_f16_128x256x64_s4_mc2 is exact on 4 cluster-spanning shapes and bit-identical to wgmma_nt_f16_128x256x64_s4 on every one ✓
test gpu::tests::wgmma_cluster_multicast_is_exact ... ok
test gpu::tests::wgmma_config_sweep ... ignored, Act-2 round-2 config sweep; Hopper + cuBLAS; run explicitly (ptx_wgmma::WGMMA_SWEEP_INVOCATION)
[skip:capability] NVIDIA H100 80GB HBM3 is cc 9.0 — the sm_90a DECLINE cannot be exercised on a Hopper part. The gate that DOES run here is `wgmma_hopper_bringup`:
    WUKONG_GPU_REQUIRED=1 cargo test -p wukong_codegen_gpu --features gpu -- --nocapture --test-threads=1 wgmma_hopper_bringup
The list it works, for reference:
  1. The descriptor reading, settled in ONE visit by a SWEEP. The 2026-08-10 round already spent the two-arm A/B and both arms lost (64/4096 and 0/4096), because the ambiguity was never the axis naming: an SS operand is a grid of core matrices packed at 128 contiguous bytes, so the within-core-matrix row stride is a fixed 16 and a plain row-major tile is unrepresentable. `wgmma_hopper_bringup` stage D therefore loads ONE module -- `desc_sweep_probe_module`, whose descriptor template, matrix offsets, K-step advance and SMEM staging mode are all run-time PARAMETERS -- and a host loop runs every row of `desc_sweep_candidates` at K=16 and K=64 against an f64 reference over `bringup_operands`, whose three-digit positional ramps make a core-matrix permutation visible in A and in B. Exactly one ARM (one shared-memory image) must come out exact, bit-exactly: the operands are exact in f16 and the dot product stays under 2^24, so the verdict is `==`, not a tolerance. Two arms means the probe settles nothing; zero means the round prints the per-core-matrix lane map and names the next diagnosis. The two already-scored readings are in the set as CONTROLS -- the sweep reproducing 64/4096 is how it validates itself.
  2. The module loads at all -- cuModuleLoadData on the generated text (`wgmma_hopper_bringup` stage A, which loads every shipped row AND the TMA probe AND the descriptor sweep probe before launching anything). First check of the `.target sm_90a` header, of `.version 8.0`, and of every instruction spelling in the family.
  3. setmaxnreg and the register split -- cuFuncGetAttribute(CU_FUNC_ATTRIBUTE_NUM_REGS) plus a spill check (ptxas -v via WUKONG_PTXAS, or the JIT log). If ptxas cannot fit a consumer's 128 accumulators plus addressing inside 232 registers, consumer_regs must rise and producer_regs fall; the budget assert in WgmmaCfg::validate will keep the pair honest.
  4. The TMA descriptors (`wgmma_hopper_bringup` stage B) -- cuTensorMapEncodeTiled succeeding for the A and B geometries at each benched shape, then `tma_stage_probe_module`: a single-stage load compared against a host copy of the same tile, on a kernel with no wgmma, no warp specialisation and no pipeline in it, so a mismatch accuses the descriptor and nothing else.
  5. The pipeline does not hang (`wgmma_hopper_bringup` stage C, and the time-box that wraps every launch in this family). The expect_tx count is WgmmaCfg::stage_tx_bytes; if it disagrees with what the two copies actually move, the barrier never completes and every consumer waits forever. `gpu::sync_within` polls cuStreamQuery to a deadline and ENDS THE PROCESS with a diagnosis rather than billing rented silicon until the container timeout; WUKONG_GPU_LAUNCH_TIMEOUT_MS tunes it.
  6. The producer warpgroup returns with copies possibly still in flight (CUTLASS's producer tail exists for barrier lifetime, which a CTA whose consumers are still running does not need). `wgmma_hopper_bringup` stage E sweeps K across the ring depth -- fewer K tiles than stages (the producer exits while consumers still wait), exactly as many, and several wraps -- confirming no hang and no early SMEM reclaim, against the reference each time.
  7. Ragged shapes (`wgmma_hopper_bringup` stage F) -- M, N and K each not a multiple of the tile, against the f64 reference, to confirm TMA's zero fill and the predicated epilogue together cover the edges.
  8. Only then, performance: same-run adjacent A/B against cuBLAS at 4096 and 8192 cubed, with bench_instrument's twin control passing. The gates are `wgmma_vs_cublas` (WGMMA_W1, f16) and `wgmma_bf16_vs_cublas` (WGMMA_W1_BF16), both `#[ignore]`d benches in gpu.rs, both sweeping `WGMMA_BENCH_GRID` -- D1 section 4.4's confirmation grid plus the skinny-N companion -- and both routing every arm through `bench_instrument`: a pre-registered TwinPlan, `run_rotated` with the cuBLAS peer as BOTH the A and the C arm (the cuBLAS-called-twice control plan section 6.2 asks for, so C/A is the peer's own noise floor and B/A is the claim), `analyze` for the per-shape floor, and `Round::publish` as the only way a number leaves the round. They PRINT a table and assert NOTHING about speed -- a slow result is a finding, not a test failure; the only asserts are the exact-integer correctness spot-check that gates the timing and the structural ones. Run them as WGMMA_BENCH_INVOCATION.
  9. THE CLUSTER. The 2026-08-10 Act-2 round measured 58.8-67.5% of cuBLAS where D1 4.5 predicts 95-108%, on a clean instrument, and its own provenance line named the reason it could not be the whole story: the measured kernel was W1 MINUS the 2x1x1 cluster with .multicast::cluster on A. WGMMA_W1_MC is that arm. Four mechanisms are unproven and each fails silently or hangs rather than erroring: the ctaMask and the per-rank A slice (a wrong one is stale shared memory on the M rows this CTA did not fetch itself); the per-destination transaction count (a wrong one hangs); the cluster-scoped empty-barrier arrivals through mapa (a missing one lets a producer overwrite a slice a peer is still reading); and the two barrier.cluster rendezvous, without which a peer signals an uninitialised mbarrier or writes the shared memory of a CTA that has exited. `wgmma_cluster_multicast_is_exact` in gpu.rs is the correctness gate -- four shapes that each span at least one full two-CTA cluster, including one with an ODD N tile count so the rounded grid's pad CTA is exercised, each verified `==` against the f64 reference AND bit-identical to the un-clustered row. `wgmma_config_sweep` is the performance round (WGMMA_SWEEP_INVOCATION): cluster off vs on at a fixed tile and depth, the depth axis at BOTH cluster settings so the two are not confounded, W3c as its own row, and the two over-budget depths kept as printed declines.
test gpu::tests::wgmma_declines_on_every_part_that_is_not_hopper ... ok

================ wgmma / TMA Hopper bring-up ================
[wgmma-bringup] device: NVIDIA H100 80GB HBM3 (cc 9.0, 132 SMs, opt-in SMEM 232448 B, driver 13000)
[wgmma-bringup] item 3 (registers / spills) is ALREADY ANSWERED, on a CPU, by the
                2026-08-10 ptxas census at sm_90a, logged in
                bench/gpu/h100/2026-08-10-ptxas-census.log: all three wgmma rows
                report 168 regs whole-CTA, 0 spill stores, 0 spill loads, 0 stack
                (setmaxnreg then redistributes: 32p/232c for the two 128x256 s4
                rows, 32p/168c for the 128x128 s6 row). Not re-derived here.
                item 8 (vs cuBLAS) is NOT in this gate: correctness first.

[wgmma-bringup] A. item 2 -- cuModuleLoadData on the generated sm_90a text
      wgmma_nt_f16_128x256x64_s4         LOADED   384 thr, 196672 B dyn smem, 4 stages, cluster 1x1x1, SmemLayout::Swizzle128 { lbo_bytes: 16, swapped: false }
      wgmma_nt_bf16_128x256x64_s4        LOADED   384 thr, 196672 B dyn smem, 4 stages, cluster 1x1x1, SmemLayout::Swizzle128 { lbo_bytes: 16, swapped: false }
      wgmma_nt_f16_128x128x64_s6         LOADED   384 thr, 196704 B dyn smem, 6 stages, cluster 1x1x1, SmemLayout::Swizzle128 { lbo_bytes: 16, swapped: false }
      wgmma_nt_f16_128x256x64_s4_mc2     LOADED   384 thr, 196672 B dyn smem, 4 stages, cluster 2x1x1, SmemLayout::Swizzle128 { lbo_bytes: 16, swapped: false }
      wgmma_nt_f16_128x256x64_s3         LOADED   384 thr, 147504 B dyn smem, 3 stages, cluster 1x1x1, SmemLayout::Swizzle128 { lbo_bytes: 16, swapped: false }
      wgmma_nt_f16_128x256x64_s3_mc2     LOADED   384 thr, 147504 B dyn smem, 3 stages, cluster 2x1x1, SmemLayout::Swizzle128 { lbo_bytes: 16, swapped: false }
      wgmma_nt_f16_128x256x64_s2         LOADED   384 thr,  98336 B dyn smem, 2 stages, cluster 1x1x1, SmemLayout::Swizzle128 { lbo_bytes: 16, swapped: false }
      wgmma_nt_f16_128x256x64_s2_mc2     LOADED   384 thr,  98336 B dyn smem, 2 stages, cluster 2x1x1, SmemLayout::Swizzle128 { lbo_bytes: 16, swapped: false }
      wgmma_nt_f16_128x128x64_s6_mc2     LOADED   384 thr, 196704 B dyn smem, 6 stages, cluster 2x1x1, SmemLayout::Swizzle128 { lbo_bytes: 16, swapped: false }
      wk_tma_stage_probe                 LOADED   128 thr,  32776 B dyn smem (geometry-generic)
      wk_wgmma_desc_sweep                LOADED   128 thr, 147456 B dyn smem (one module, every candidate)
   -> item 2 PASS: 11 modules loaded

[wgmma-bringup] B. item 4 -- cuTensorMapEncodeTiled, then ONE staged tile vs a host copy
      wgmma_nt_f16_128x256x64_s4     A box 128x64 ( 16384 B): encode OK, 4 tiles (incl. 3 ragged) MATCH the host copy
      wgmma_nt_f16_128x256x64_s4     B box 256x64 ( 32768 B): encode OK, 4 tiles (incl. 3 ragged) MATCH the host copy
      wgmma_nt_bf16_128x256x64_s4    A box 128x64 ( 16384 B): encode OK, 4 tiles (incl. 3 ragged) MATCH the host copy
      wgmma_nt_bf16_128x256x64_s4    B box 256x64 ( 32768 B): encode OK, 4 tiles (incl. 3 ragged) MATCH the host copy
      wgmma_nt_f16_128x128x64_s6     A box 128x64 ( 16384 B): encode OK, 4 tiles (incl. 3 ragged) MATCH the host copy
      wgmma_nt_f16_128x128x64_s6     B box 128x64 ( 16384 B): encode OK, 4 tiles (incl. 3 ragged) MATCH the host copy
      wgmma_nt_f16_128x256x64_s4_mc2 A box 128x64 ( 16384 B): encode OK, 4 tiles (incl. 3 ragged) MATCH the host copy
      wgmma_nt_f16_128x256x64_s4_mc2 B box 256x64 ( 32768 B): encode OK, 4 tiles (incl. 3 ragged) MATCH the host copy
   -> item 4 PASS: 32 staged tiles byte-identical to the host copy

[wgmma-bringup] C. item 5 -- the mainloop completes (deadline 30 s)
      wgmma_nt_f16_128x256x64_s4 128x256x256 (4 K tiles = 4 stages): returned in 0.86 ms, all 32768 lanes finite
   -> item 5 PASS: the producer/consumer pipeline completes and does not deadlock.
      (No correctness claim yet -- which descriptor reading is right is stage D.)

[wgmma-bringup] D. item 1 -- the DESCRIPTOR SWEEP: 19 candidates x K in [16, 64], all through ONE module (wk_wgmma_desc_sweep)
      candidate                    arm            exact@K16 exact@K64 max_abs@K64
      ctl/rowmajor-k-leading       as-written/None        64        64     2.625e5
      ctl/rowmajor-mn-leading      as-written/None         2         0     8.235e6
      rowmajor/lbo128-sbo1024      as-written/None         0         0     1.319e6
      rowmajor/lbo16-sbo128        as-written/None         1         1     8.523e6
      rowmajor/lbo1024-sbo128      as-written/None         2         0     8.215e6
      copy/rowmajor-k-leading      verbatim/None         64        64     2.625e5
      canon-kfast/lbo128-sbo1024   canon-kfast/None      4096      4096     0.000e0
      canon-kfast/swapped          canon-kfast/None       128         0     7.157e6
      canon-mnfast/lbo1024-sbo128  canon-mnfast/None      4096      4096     0.000e0
      canon-mnfast/swapped         canon-mnfast/None       128         0     8.206e6
      canon-kfast/raw-fields       canon-kfast/None         0         0     8.873e6
      canon-kfast/double-encoded   canon-kfast/None         0         0     8.342e6
      sw128/lbo16                  as-written/B128      4096      4096     0.000e0
      sw128/lbo128                 as-written/B128      4096      4096     0.000e0
      sw128/lbo1024                as-written/B128      4096      4096     0.000e0
      sw128/swapped                as-written/B128        64        64     8.274e6
      sw128/lbo16-bo1              as-written/B128      1024      1536     3.277e5
      sw128/lbo16-bo2              as-written/B128         0      2048     2.621e5
      sw128/sbo128                 as-written/B128        64        64     8.274e6
        why ctl/rowmajor-k-leading     the reading this family shipped; the 2026-08-10 H100 log scored it 64/4096 exact, and the sweep reproducing that number is how the sweep validates ITSELF
        why ctl/rowmajor-mn-leading    the other 2026-08-10 arm, logged at 0/4096 -- the axis-naming coin flip the round already spent
        why rowmajor/lbo128-sbo1024    the ISA figure's own numbers for a COMPACT 64x16 tile (LBO one core matrix, SBO one row group) applied unchanged to the row-major tile -- the misreading's nearest neighbour, and the only descriptor-only row whose LBO is a core matrix rather than a k-group
        why rowmajor/lbo16-sbo128      SBO = ONE core matrix rather than one 8-row group: the reading in which the stride field counts core matrices
        why rowmajor/lbo1024-sbo128    the shape a CUTLASS make_gmma_desc printout carries (LBO 64 u128 = 1024 B, SBO 8 u128 = 128 B) read straight onto the row-major tile
        why copy/rowmajor-k-leading    control row 1's descriptor over a tile the probe's OWN repack loop copied element by element: if this disagrees with row 1 the repack loop is broken and every canonical arm below is uninterpretable
        why canon-kfast/lbo128-sbo1024 THE LEADING HYPOTHESIS: every 8x16 B core matrix packed into 128 CONTIGUOUS bytes, grid K-fastest; LBO = K-adjacent core matrix (128 B), SBO = MN-adjacent core-matrix row (BK/8 * 128 = 1024 B); the base advances two core matrices (256 B) per K step
        why canon-kfast/swapped        the axis-naming coin flip, asked over a layout a descriptor can actually describe
        why canon-mnfast/lbo1024-sbo128 the MN-fastest canonical packing: core matrices along MN contiguous, so LBO (K-adjacent) = rows/8 * 128 and SBO (MN-adjacent) = 128; the base advances a whole column of core matrices per K step
        why canon-mnfast/swapped       the coin flip over the MN-fastest packing
        why canon-kfast/raw-fields     the hypothesis with LBO/SBO written as RAW BYTES: rules out an encoding in which the `>> 4` applies to the start address alone
        why canon-kfast/double-encoded the hypothesis with the `>> 4` applied TWICE (the mirror mistake); it degenerates to LBO 0 / SBO 4 and is here only so the encoding question is closed in both directions
        why sw128/lbo16                THE PRODUCTION CANDIDATE: at BK=64 f16 the shared row is exactly the 128-B swizzle atom, and the ISA's canonical 128-B-swizzle K-major layout IS plain row-major (row stride 128, k-group stride 16, SBO = 8*128) composed with Swizzle<3,4,3> -- precisely what a SWIZZLE_128B TMA copy writes. No repack. LBO does not appear in that formula, so 16 spells the fixed k-group stride
        why sw128/lbo128               the same arm with the second plausible spelling of the LBO the mode ignores (one core matrix)
        why sw128/lbo1024              the same arm with LBO == SBO, the third spelling seen in the wild
        why sw128/swapped              the 128-B arm with the two fields exchanged (LBO = the 8-row atom, SBO = the k-group stride). CUTLASS's descriptor builder assigns the pair one way for the unswizzled canonical layout and the other way for the swizzled ones; the published derivation keeps SBO on the MN axis in both. One launch settles which
        why sw128/lbo16-bo1            base_offset 1: if the hardware anchors the swizzle pattern at the descriptor's START ADDRESS rather than at the enclosing 1024-B boundary, the 32-B-per-K-step base advance needs a phase and every bo=0 row of this arm fails at K=64 while passing at K=16
        why sw128/lbo16-bo2            the same phase probe at the value one whole 32-B K step would need
        why sw128/sbo128               SBO = one 128-B row rather than one 8-row atom, in case the swizzled mode counts rows where the unswizzled one counts row groups

      lane map for canon-kfast/lbo128-sbo1024 (canon-kfast/None) at K=64 -- per output core matrix, exact/64 and max_abs:
         n/8       0            1            2            3            4            5            6            7
        m/8=0   64/64    0e0  64/64    0e0  64/64    0e0  64/64    0e0  64/64    0e0  64/64    0e0  64/64    0e0  64/64    0e0
        m/8=1   64/64    0e0  64/64    0e0  64/64    0e0  64/64    0e0  64/64    0e0  64/64    0e0  64/64    0e0  64/64    0e0
        m/8=2   64/64    0e0  64/64    0e0  64/64    0e0  64/64    0e0  64/64    0e0  64/64    0e0  64/64    0e0  64/64    0e0
        m/8=3   64/64    0e0  64/64    0e0  64/64    0e0  64/64    0e0  64/64    0e0  64/64    0e0  64/64    0e0  64/64    0e0
        m/8=4   64/64    0e0  64/64    0e0  64/64    0e0  64/64    0e0  64/64    0e0  64/64    0e0  64/64    0e0  64/64    0e0
        m/8=5   64/64    0e0  64/64    0e0  64/64    0e0  64/64    0e0  64/64    0e0  64/64    0e0  64/64    0e0  64/64    0e0
        m/8=6   64/64    0e0  64/64    0e0  64/64    0e0  64/64    0e0  64/64    0e0  64/64    0e0  64/64    0e0  64/64    0e0
        m/8=7   64/64    0e0  64/64    0e0  64/64    0e0  64/64    0e0  64/64    0e0  64/64    0e0  64/64    0e0  64/64    0e0

      lane map for canon-mnfast/lbo1024-sbo128 (canon-mnfast/None) at K=64 -- per output core matrix, exact/64 and max_abs:
         n/8       0            1            2            3            4            5            6            7
        m/8=0   64/64    0e0  64/64    0e0  64/64    0e0  64/64    0e0  64/64    0e0  64/64    0e0  64/64    0e0  64/64    0e0
        m/8=1   64/64    0e0  64/64    0e0  64/64    0e0  64/64    0e0  64/64    0e0  64/64    0e0  64/64    0e0  64/64    0e0
        m/8=2   64/64    0e0  64/64    0e0  64/64    0e0  64/64    0e0  64/64    0e0  64/64    0e0  64/64    0e0  64/64    0e0
        m/8=3   64/64    0e0  64/64    0e0  64/64    0e0  64/64    0e0  64/64    0e0  64/64    0e0  64/64    0e0  64/64    0e0
        m/8=4   64/64    0e0  64/64    0e0  64/64    0e0  64/64    0e0  64/64    0e0  64/64    0e0  64/64    0e0  64/64    0e0
        m/8=5   64/64    0e0  64/64    0e0  64/64    0e0  64/64    0e0  64/64    0e0  64/64    0e0  64/64    0e0  64/64    0e0
        m/8=6   64/64    0e0  64/64    0e0  64/64    0e0  64/64    0e0  64/64    0e0  64/64    0e0  64/64    0e0  64/64    0e0
        m/8=7   64/64    0e0  64/64    0e0  64/64    0e0  64/64    0e0  64/64    0e0  64/64    0e0  64/64    0e0  64/64    0e0

      lane map for sw128/lbo16 (as-written/B128) at K=64 -- per output core matrix, exact/64 and max_abs:
         n/8       0            1            2            3            4            5            6            7
        m/8=0   64/64    0e0  64/64    0e0  64/64    0e0  64/64    0e0  64/64    0e0  64/64    0e0  64/64    0e0  64/64    0e0
        m/8=1   64/64    0e0  64/64    0e0  64/64    0e0  64/64    0e0  64/64    0e0  64/64    0e0  64/64    0e0  64/64    0e0
        m/8=2   64/64    0e0  64/64    0e0  64/64    0e0  64/64    0e0  64/64    0e0  64/64    0e0  64/64    0e0  64/64    0e0
        m/8=3   64/64    0e0  64/64    0e0  64/64    0e0  64/64    0e0  64/64    0e0  64/64    0e0  64/64    0e0  64/64    0e0
        m/8=4   64/64    0e0  64/64    0e0  64/64    0e0  64/64    0e0  64/64    0e0  64/64    0e0  64/64    0e0  64/64    0e0
        m/8=5   64/64    0e0  64/64    0e0  64/64    0e0  64/64    0e0  64/64    0e0  64/64    0e0  64/64    0e0  64/64    0e0
        m/8=6   64/64    0e0  64/64    0e0  64/64    0e0  64/64    0e0  64/64    0e0  64/64    0e0  64/64    0e0  64/64    0e0
        m/8=7   64/64    0e0  64/64    0e0  64/64    0e0  64/64    0e0  64/64    0e0  64/64    0e0  64/64    0e0  64/64    0e0

      lane map for sw128/lbo128 (as-written/B128) at K=64 -- per output core matrix, exact/64 and max_abs:
         n/8       0            1            2            3            4            5            6            7
        m/8=0   64/64    0e0  64/64    0e0  64/64    0e0  64/64    0e0  64/64    0e0  64/64    0e0  64/64    0e0  64/64    0e0
        m/8=1   64/64    0e0  64/64    0e0  64/64    0e0  64/64    0e0  64/64    0e0  64/64    0e0  64/64    0e0  64/64    0e0
        m/8=2   64/64    0e0  64/64    0e0  64/64    0e0  64/64    0e0  64/64    0e0  64/64    0e0  64/64    0e0  64/64    0e0
        m/8=3   64/64    0e0  64/64    0e0  64/64    0e0  64/64    0e0  64/64    0e0  64/64    0e0  64/64    0e0  64/64    0e0
        m/8=4   64/64    0e0  64/64    0e0  64/64    0e0  64/64    0e0  64/64    0e0  64/64    0e0  64/64    0e0  64/64    0e0
        m/8=5   64/64    0e0  64/64    0e0  64/64    0e0  64/64    0e0  64/64    0e0  64/64    0e0  64/64    0e0  64/64    0e0
        m/8=6   64/64    0e0  64/64    0e0  64/64    0e0  64/64    0e0  64/64    0e0  64/64    0e0  64/64    0e0  64/64    0e0
        m/8=7   64/64    0e0  64/64    0e0  64/64    0e0  64/64    0e0  64/64    0e0  64/64    0e0  64/64    0e0  64/64    0e0

      Also exact at both K passes, but NOT something production ships as generated: ["canon-kfast/lbo128-sbo1024 (canon-kfast/None)", "canon-mnfast/lbo1024-sbo128 (canon-mnfast/None)"]. A hand-staged arm says what the fix IS; a non-standard field encoding or a base-offset phase says which field the hardware actually reads.
   -> item 1 SETTLED: the winning production arm is `as-written/B128`, rows ["sw128/lbo16", "sw128/lbo128", "sw128/lbo1024"].
      (More than one field spelling is exact in that arm, which is itself a finding: the mode IGNORES the field they differ in.)
      the production reading is `SmemLayout::Swizzle128 { lbo_bytes: 16, swapped: false }` (candidate sw128/lbo16)
      ACTION: none. SHIPPED_LAYOUT already carries that reading, so WGMMA_W1 / WGMMA_W1_BF16 / WGMMA_W3C are correct as generated and stages E-G below run them.
   -> item 1 PASS: the descriptor reading is settled ON HARDWARE.

[wgmma-bringup] E. item 6 -- K swept across the 4 -stage ring (producer tail + wrap), on the winning reading
      K=64     ( 1 tiles < 4 stages):   1.34 ms  EXACT, and bit-identical on a second run
      K=128    ( 2 tiles < 4 stages):   1.38 ms  EXACT, and bit-identical on a second run
      K=256    ( 4 tiles == 4 stages):   1.58 ms  EXACT, and bit-identical on a second run
      K=320    ( 5 tiles > 4 stages):   1.56 ms  EXACT, and bit-identical on a second run
      K=1024   (16 tiles > 4 stages):   2.10 ms  EXACT, and bit-identical on a second run
   -> item 6 PASS: producer tail, exact fill and repeated wraps all correct, reproducibly

[wgmma-bringup] F. item 7 -- ragged M, N and K (TMA zero fill + predicated epilogue)
          1 x 8     x 1     (M%BM=  1 N%BN=  1 K%BK=  8):   0.82 ms  EXACT
         17 x 24    x 33    (M%BM= 17 N%BN= 33 K%BK= 24):   0.32 ms  EXACT
         65 x 104   x 300   (M%BM= 65 N%BN= 44 K%BK= 40):   1.34 ms  EXACT
        129 x 176   x 257   (M%BM=  1 N%BN=  1 K%BK= 48):   1.45 ms  EXACT
        253 x 368   x 507   (M%BM=125 N%BN=251 K%BK= 48):   2.21 ms  EXACT
      K=100 (row stride 200 B): DECLINED cleanly -- "tma: global_strides[0] = 200 B is not a multiple of 16"
   -> item 7 PASS: every ragged edge covered by zero fill + predication, and an unencodable K declines instead of launching

[wgmma-bringup] G. the other shipped rows, on the confirmed reading
      wgmma_nt_bf16_128x256x64_s4        128x256x256 (Bf16, 4 stages):   1.41 ms  EXACT
      wgmma_nt_f16_128x128x64_s6         128x384x128 (F16, 6 stages):   1.44 ms  EXACT

[gate] wgmma Hopper bring-up on NVIDIA H100 80GB HBM3: items 2, 4, 5, 1, 6, 7 PASS in that order; the descriptor reading is SmemLayout::Swizzle128 { lbo_bytes: 16, swapped: false } ✓
[wgmma-bringup] Item 9 (the 2x1x1 cluster + A-multicast) is NOT in this sequence: it is its own
                non-ignored gate, because its failure mode -- stale shared memory on the M rows a
                CTA did not fetch itself -- needs shapes wide enough for the multicast to cross CTAs,
                which the stage E/F/G shapes deliberately are not. Run it as:
                  WUKONG_GPU_REQUIRED=1 cargo test -p wukong_codegen_gpu --features gpu -- --nocapture --test-threads=1 wgmma_cluster_multicast_is_exact
=============================================================

test gpu::tests::wgmma_hopper_bringup ... ok
test gpu::tests::wgmma_vs_cublas ... ignored, Act-2 perf round; Hopper + cuBLAS; run explicitly (ptx_wgmma::WGMMA_BENCH_INVOCATION)
test ptx_wgmma::tests::desc_fields_spells_every_reading_from_one_table ... ok
test ptx_wgmma::tests::dump_wgmma_ptx ... ignored, inspection helper, not a gate
test ptx_wgmma::tests::every_branch_target_is_a_defined_label ... ok
test ptx_wgmma::tests::every_module_opens_at_the_architecture_locked_hopper_floor ... ok
test ptx_wgmma::tests::every_sm90a_emitter_demands_the_license ... ok
test ptx_wgmma::tests::every_stage_base_is_aligned_for_its_descriptor ... ok
test ptx_wgmma::tests::every_sweep_candidate_reads_inside_the_window ... ok
test ptx_wgmma::tests::pack_rejects_anything_the_shift_would_truncate ... ok
test ptx_wgmma::tests::scale_d_replaces_the_accumulator_zeroing ... ok
test ptx_wgmma::tests::smem_desc_packs_every_field_at_its_documented_bit_position ... ok
test ptx_wgmma::tests::the_accumulator_vector_matches_the_shape ... ok
test ptx_wgmma::tests::the_bench_grid_carries_d1s_points_and_both_rectangular_classes ... ok
test ptx_wgmma::tests::the_bench_grid_is_launchable_by_every_shipped_row ... ok
test ptx_wgmma::tests::the_bench_invocation_names_the_bench_and_the_flags_it_needs ... ok
test ptx_wgmma::tests::the_bringup_invocation_names_the_gate_and_the_flags_it_needs ... ok
test ptx_wgmma::tests::the_bringup_operands_are_exact_in_f16_and_f32 ... ok
test ptx_wgmma::tests::the_canonical_core_matrix_layout_is_describable ... ok
test ptx_wgmma::tests::the_cluster_preconditions_reject_every_way_a_slice_can_be_wrong ... ok
test ptx_wgmma::tests::the_declared_transaction_equals_what_the_copies_move_per_destination_cta ... ok
test ptx_wgmma::tests::the_descriptor_swizzle_encoding_is_reversed_from_tmas ... ok
test ptx_wgmma::tests::the_device_validation_list_is_intact ... ok
test ptx_wgmma::tests::the_epilogue_stores_every_accumulator_exactly_once_and_bounded ... ok
test ptx_wgmma::tests::the_family_declares_no_floor_it_does_not_need ... ok
test ptx_wgmma::tests::the_field_encoder_is_mask_then_shift ... ok
test ptx_wgmma::tests::the_field_encodings_are_three_distinguishable_templates ... ok
test ptx_wgmma::tests::the_grid_is_cluster_divisible_and_still_covers_the_output ... ok
test ptx_wgmma::tests::the_iteration_count_is_a_clamped_monotone_function_of_the_shape ... ok
test ptx_wgmma::tests::the_launch_plan_covers_the_output ... ok
test ptx_wgmma::tests::the_license_is_hopper_only_in_both_directions ... ok
test ptx_wgmma::tests::the_mainloop_is_structurally_what_the_design_says ... ok
test ptx_wgmma::tests::the_multicast_mask_names_every_cta_of_the_cluster ... ok
test ptx_wgmma::tests::the_register_split_fits_the_file ... ok
test ptx_wgmma::tests::the_row_major_reading_is_unrepresentable_and_predicts_the_log ... ok
test ptx_wgmma::tests::the_runtime_address_fold_matches_the_host_encoder ... ok
test ptx_wgmma::tests::the_shape_menu_is_the_isa_menu ... ok
test ptx_wgmma::tests::the_stage_lattice_matches_the_derivation ... ok
test ptx_wgmma::tests::the_sweep_candidate_set_is_derived_and_complete ... ok
test ptx_wgmma::tests::the_sweep_invocation_and_shapes_name_things_that_exist ... ok
test ptx_wgmma::tests::the_sweep_probe_is_one_module_for_every_candidate ... ok
test ptx_wgmma::tests::the_sweep_probe_shared_memory_map_is_aligned_and_bounded ... ok
test ptx_wgmma::tests::the_swizzle_modes_constrain_the_start_address ... ok
test ptx_wgmma::tests::the_tma_geometry_is_validated_with_the_kernel ... ok
test ptx_wgmma::tests::the_tma_stage_probe_is_structurally_a_single_stage_load ... ok
test ptx_wgmma::tests::the_window_declaration_agrees_with_the_host_side_constant ... ok
test ptx_wgmma::tests::tma_probe_plan_matches_the_geometry_it_probes ... ok
test ptx_wgmma::tests::unsupported_shapes_decline_rather_than_emit ... ok
test ptx_wgmma::tests::variant_lookup_finds_every_shipped_row ... ok

thread 'ptx_wgmma::tests::variant_lookup_panics_rather_than_mis_dispatching' (122) panicked at crates/wukong_codegen_gpu/src/ptx_wgmma.rs:1467:28:
unknown wgmma variant "wgmma_nt_f16_nope"
stack backtrace:
   0: __rustc::rust_begin_unwind
   1: core::panicking::panic_fmt
   2: wukong_codegen_gpu::ptx_wgmma::tests::variant_lookup_panics_rather_than_mis_dispatching
   3: <wukong_codegen_gpu::ptx_wgmma::tests::variant_lookup_panics_rather_than_mis_dispatching::{closure#0} as core::ops::function::FnOnce<()>>::call_once
note: Some details are omitted, run with `RUST_BACKTRACE=full` for a verbose backtrace.
test ptx_wgmma::tests::variant_lookup_panics_rather_than_mis_dispatching - should panic ... ok
test ptx_wgmma::tests::warpgroup_arithmetic_is_the_isa_definition ... ok
test ptx_wgmma::tests::wgmma_ptx_is_pure_ascii ... ok

test result: ok. 53 passed; 0 failed; 4 ignored; 0 measured; 474 filtered out; finished in 1.80s

[1m[92m   Doc-tests[0m wukong_codegen_gpu

running 0 tests

Stopping app - local entrypoint completed.
test result: ok. 0 passed; 0 failed; 0 ignored; 0 measured; 2 filtered out; finished in 0.00s

[1m-> ok in 11.5s[0m

codegen_gpu: PASS   driver: skipped
[meter] test: 12.0s wall = $0.015 (record this in the round log)
✓ App completed. View run at 
https://modal.com/apps/aidanht/main/ap-uCzkeOjaJboCEwoqIfW5DR
PIPELINE_DONE
