✓ Initialized. View run at 
https://modal.com/apps/aidanht/main/ap-GWsJeEoAzJcUPl1eNnRiNG
✓ Created objects.
├── 🔨 Created mount 
│   C:\Users\Quant\Documents\Programming\Projects\Compiler\Mercury\tools\cloud\
│   modal_app.py
├── 🔨 Created mount 
│   C:\Users\Quant\Documents\Programming\Projects\Compiler\Mercury
├── 🔨 Created function device_info.
├── 🔨 Created function build.
├── 🔨 Created function build_peers.
├── 🔨 Created function ptxas.
├── 🔨 Created function test.
├── 🔨 Created function bench.
├── 🔨 Created function peers.
├── 🔨 Created function cutlass.
├── 🔨 Created function marlin.
├── 🔨 Created function framework.
└── 🔨 Created function interactive.

==========
== CUDA ==
==========

CUDA Version 12.9.2

Container image Copyright (c) 2016-2023, NVIDIA CORPORATION & AFFILIATES. All rights reserved.

This container image and its contents are governed by the NVIDIA Deep Learning Container License.
By pulling and using the container, you accept the terms and conditions of this license:
https://developer.nvidia.com/ngc/nvidia-deep-learning-container-license

A copy of this license is made available in this container at /NGC-DL-CONTAINER-LICENSE for your convenience.

[meter] bench: H100 + 8.0 cpu + 16 GiB = $4.456/hr; timeout 7200s caps this call at $8.91
[src] 810 files stamped; 0 new/changed since the last run (incremental)
Sweep on H100 — PEER_REQUIRED=1, STRONG_PEERS=(none declared)
[clock] lock: refused (The current user does not have permission to change clocks for GPU 00000000:85:00.0.); running unlocked -- read the per-arm [clock] lines instead
[clock] before quant_int8_fused_dequant_vs_chain: 345 MHz, 2619 MHz, 30, 70.02 W

[1m$ cargo test -p wukong_codegen_gpu --features gpu --release -- quant_int8_fused_dequant_vs_chain --ignored --nocapture --test-threads=1[0m
info: syncing channel updates for stable-x86_64-unknown-linux-gnu
info: latest update on 2026-07-16 for version 1.97.1 (8bab26f4f 2026-07-14)
info: downloading component clippy
[1m[92m    Finished[0m `release` profile [optimized] target(s) in 0.37s
[1m[92m     Running[0m unittests src/lib.rs (/persist/target/release/deps/wukong_codegen_gpu-53f0e4b228126785)

running 1 test
device: NVIDIA H100 80GB HBM3

1024³ int8 output stage = act-free Linear out (same-run):
  Wukong FUSED gemm+dequant :   188855 GFLOP/s
  cuBLAS GEMM + dequant chain:   175246 GFLOP/s
  cuBLAS GEMM only (no dequant):   279323 GFLOP/s
  → Wukong fused BEATS the cuBLAS chain  1.08× (the chain pays +59.4% over its own GEMM for the
    separate i32→f32 HBM round-trip; Wukong folds it into the GEMM store for ~0)

2048³ int8 output stage = act-free Linear out (same-run):
  Wukong FUSED gemm+dequant :   511143 GFLOP/s
  cuBLAS GEMM + dequant chain:   445369 GFLOP/s
  cuBLAS GEMM only (no dequant):   715982 GFLOP/s
  → Wukong fused BEATS the cuBLAS chain  1.15× (the chain pays +60.8% over its own GEMM for the
    separate i32→f32 HBM round-trip; Wukong folds it into the GEMM store for ~0)

4096³ int8 output stage = act-free Linear out (same-run):
  Wukong FUSED gemm+dequant :   690682 GFLOP/s
  cuBLAS GEMM + dequant chain:   873788 GFLOP/s
  cuBLAS GEMM only (no dequant):  1441868 GFLOP/s
  → Wukong fused BEATS the cuBLAS chain  0.79× (the chain pays +65.0% over its own GEMM for the
    separate i32→f32 HBM round-trip; Wukong folds it into the GEMM store for ~0)
test gpu::tests::quant_int8_fused_dequant_vs_chain ... ok

test result: ok. 1 passed; 0 failed; 0 ignored; 0 measured; 562 filtered out; finished in 2.15s

[1m[92m   Doc-tests[0m wukong_codegen_gpu

running 0 tests

test result: ok. 0 passed; 0 failed; 0 ignored; 0 measured; 2 filtered out; finished in 0.00s

[1m-> ok in 4.5s[0m
[clock] after quant_int8_fused_dequant_vs_chain: 1980 MHz, 2619 MHz, 32, 132.65 W
[meter] bench: 5.9s wall = $0.007 (record this in the round log)
[modal-client] 2026-08-11T19:42:57-0400 Timed out waiting for final app logs.
✓ App completed. View run at 
https://modal.com/apps/aidanht/main/ap-GWsJeEoAzJcUPl1eNnRiNG
