✓ Initialized. View run at 
https://modal.com/apps/aidanht/main/ap-lALNVsGWRA2jpLKPqpdUPe
✓ Created objects.
├── 🔨 Created mount 
│   C:\Users\Quant\Documents\Programming\Projects\Compiler\Mercury\tools\cloud\
│   modal_app.py
├── 🔨 Created mount 
│   C:\Users\Quant\Documents\Programming\Projects\Compiler\Mercury
├── 🔨 Created function device_info.
├── 🔨 Created function build.
├── 🔨 Created function build_peers.
├── 🔨 Created function ptxas.
├── 🔨 Created function test.
├── 🔨 Created function bench.
├── 🔨 Created function peers.
├── 🔨 Created function cutlass.
├── 🔨 Created function marlin.
├── 🔨 Created function framework.
└── 🔨 Created function interactive.

==========
== CUDA ==
==========

CUDA Version 12.9.2

Container image Copyright (c) 2016-2023, NVIDIA CORPORATION & AFFILIATES. All rights reserved.

This container image and its contents are governed by the NVIDIA Deep Learning Container License.
By pulling and using the container, you accept the terms and conditions of this license:
https://developer.nvidia.com/ngc/nvidia-deep-learning-container-license

A copy of this license is made available in this container at /NGC-DL-CONTAINER-LICENSE for your convenience.

[meter] bench: H100 + 8.0 cpu + 16 GiB = $4.456/hr; timeout 7200s caps this call at $8.91
[src] 810 files stamped; 0 new/changed since the last run (incremental)
Sweep on H100 — PEER_REQUIRED=1, STRONG_PEERS=(none declared)
[clock] lock: refused (The current user does not have permission to change clocks for GPU 00000000:05:00.0.); running unlocked -- read the per-arm [clock] lines instead
[clock] before wgmma_hopper_bringup: 345 MHz, 2619 MHz, 30, 68.97 W

[1m$ cargo test -p wukong_codegen_gpu --features gpu --release -- wgmma_hopper_bringup --ignored --nocapture --test-threads=1[0m
info: syncing channel updates for stable-x86_64-unknown-linux-gnu
info: latest update on 2026-07-16 for version 1.97.1 (8bab26f4f 2026-07-14)
info: downloading component clippy
[1m[92m    Finished[0m `release` profile [optimized] target(s) in 0.66s
[1m[92m     Running[0m unittests src/lib.rs (/persist/target/release/deps/wukong_codegen_gpu-53f0e4b228126785)

running 0 tests

test result: ok. 0 passed; 0 failed; 0 ignored; 0 measured; 563 filtered out; finished in 0.00s

[1m[92m   Doc-tests[0m wukong_codegen_gpu

running 0 tests

test result: ok. 0 passed; 0 failed; 0 ignored; 0 measured; 2 filtered out; finished in 0.00s

[1m-> ok in 3.2s[0m
[clock] after wgmma_hopper_bringup: 345 MHz, 2619 MHz, 30, 69.00 W
[meter] bench: 4.5s wall = $0.006 (record this in the round log)
[modal-client] 2026-08-11T19:35:18-0400 Timed out waiting for final app logs.
✓ App completed. View run at 
https://modal.com/apps/aidanht/main/ap-lALNVsGWRA2jpLKPqpdUPe
