✓ Initialized. View run at 
https://modal.com/apps/aidanht/main/ap-aYJFxQHbzq1ibhcFmQaFCR
✓ Created objects.
├── 🔨 Created mount 
│   C:\Users\Quant\Documents\Programming\Projects\Compiler\Mercury\tools\cloud\
│   modal_app.py
├── 🔨 Created mount 
│   C:\Users\Quant\Documents\Programming\Projects\Compiler\Mercury
├── 🔨 Created function device_info.
├── 🔨 Created function build.
├── 🔨 Created function build_peers.
├── 🔨 Created function ptxas.
├── 🔨 Created function test.
├── 🔨 Created function bench.
├── 🔨 Created function peers.
├── 🔨 Created function cutlass.
├── 🔨 Created function marlin.
├── 🔨 Created function framework.
└── 🔨 Created function interactive.

==========
== CUDA ==
==========

CUDA Version 12.9.2

Container image Copyright (c) 2016-2023, NVIDIA CORPORATION & AFFILIATES. All rights reserved.

This container image and its contents are governed by the NVIDIA Deep Learning Container License.
By pulling and using the container, you accept the terms and conditions of this license:
https://developer.nvidia.com/ngc/nvidia-deep-learning-container-license

A copy of this license is made available in this container at /NGC-DL-CONTAINER-LICENSE for your convenience.

[meter] bench: H100 + 8.0 cpu + 16 GiB = $4.456/hr; timeout 7200s caps this call at $8.91
[src] 810 files stamped; 0 new/changed since the last run (incremental)
Sweep on H100 — PEER_REQUIRED=1, STRONG_PEERS=(none declared)
[clock] lock: refused (The current user does not have permission to change clocks for GPU 00000000:C0:00.0.); running unlocked -- read the per-arm [clock] lines instead
[clock] before int8_gemm_vs_peers: 345 MHz, 2619 MHz, 46, 83.24 W

[1m$ cargo test -p wukong_codegen_gpu --features gpu --release -- int8_gemm_vs_peers --ignored --nocapture --test-threads=1[0m
info: syncing channel updates for stable-x86_64-unknown-linux-gnu
info: latest update on 2026-07-16 for version 1.97.1 (8bab26f4f 2026-07-14)
info: downloading component clippy
[1m[92m    Finished[0m `release` profile [optimized] target(s) in 0.28s
[1m[92m     Running[0m unittests src/lib.rs (/persist/target/release/deps/wukong_codegen_gpu-53f0e4b228126785)

running 1 test
device: NVIDIA H100 80GB HBM3
[gate] Wukong + naive + dp4a + cuBLAS int8 all equal the i32 oracle bit-for-bit ✓

1024³ int8 W8A8 GEMM (same-run, 2·M·N·K MAC-FLOP):
  Wukong _smdb128 :    95745 GFLOP/s  |   34.4% of cuBLAS
  Wukong _smdb64  :   146309 GFLOP/s  |   52.5% of cuBLAS
  Wukong _smdb*   :   146309 GFLOP/s  |   52.5% of cuBLAS |  161.7× vs naive | 40.74× vs dp4a |  1.52× vs _mt
  Wukong _mt      :    96428 GFLOP/s  |   34.6% of cuBLAS |  106.6× vs naive | 26.85× vs dp4a
  Wukong single   :    37304 GFLOP/s  |   13.4% of cuBLAS |   41.2× vs naive | 10.39× vs dp4a
  cuBLAS int8 IMMA :   278620 GFLOP/s  | Tier-B gold standard
  dp4a CUDA-C      :     3591 GFLOP/s  | strong hand-written int8 peer
  naive CUDA-C     :      905 GFLOP/s  | Tier-A floor

2048³ int8 W8A8 GEMM (same-run, 2·M·N·K MAC-FLOP):
  Wukong _smdb128 :   259792 GFLOP/s  |   36.8% of cuBLAS
  Wukong _smdb64  :   220723 GFLOP/s  |   31.2% of cuBLAS
  Wukong _smdb*   :   259792 GFLOP/s  |   36.8% of cuBLAS |  272.0× vs naive | 69.75× vs dp4a |  2.59× vs _mt
  Wukong _mt      :   100153 GFLOP/s  |   14.2% of cuBLAS |  104.9× vs naive | 26.89× vs dp4a
  Wukong single   :    39457 GFLOP/s  |    5.6% of cuBLAS |   41.3× vs naive | 10.59× vs dp4a
  cuBLAS int8 IMMA :   706796 GFLOP/s  | Tier-B gold standard
  dp4a CUDA-C      :     3725 GFLOP/s  | strong hand-written int8 peer
  naive CUDA-C     :      955 GFLOP/s  | Tier-A floor

4096³ int8 W8A8 GEMM (same-run, 2·M·N·K MAC-FLOP):
  Wukong _smdb128 :   320328 GFLOP/s  |   22.1% of cuBLAS
  Wukong _smdb64  :   241728 GFLOP/s  |   16.7% of cuBLAS
  Wukong _smdb*   :   320328 GFLOP/s  |   22.1% of cuBLAS |  344.0× vs naive | 86.94× vs dp4a |  2.76× vs _mt
  Wukong _mt      :   116073 GFLOP/s  |    8.0% of cuBLAS |  124.7× vs naive | 31.50× vs dp4a
  Wukong single   :    41288 GFLOP/s  |    2.9% of cuBLAS |   44.3× vs naive | 11.21× vs dp4a
  cuBLAS int8 IMMA :  1446418 GFLOP/s  | Tier-B gold standard
  dp4a CUDA-C      :     3684 GFLOP/s  | strong hand-written int8 peer
  naive CUDA-C     :      931 GFLOP/s  | Tier-A floor
test gpu::tests::int8_gemm_vs_peers ... ok

test result: ok. 1 passed; 0 failed; 0 ignored; 0 measured; 562 filtered out; finished in 8.87s

[1m[92m   Doc-tests[0m wukong_codegen_gpu

running 0 tests

test result: ok. 0 passed; 0 failed; 0 ignored; 0 measured; 2 filtered out; finished in 0.00s

[1m-> ok in 11.2s[0m
[clock] after int8_gemm_vs_peers: 1980 MHz, 2619 MHz, 49, 154.94 W
[meter] bench: 11.7s wall = $0.014 (record this in the round log)
✓ App completed. View run at 
https://modal.com/apps/aidanht/main/ap-aYJFxQHbzq1ibhcFmQaFCR
