✓ Initialized. View run at 
https://modal.com/apps/aidanht/main/ap-3NCT940jYYMjlnwZ5pB8fD
✓ Created objects.
├── 🔨 Created mount 
│   C:\Users\Quant\Documents\Programming\Projects\Compiler\Mercury\tools\cloud\
│   modal_app.py
├── 🔨 Created mount 
│   C:\Users\Quant\Documents\Programming\Projects\Compiler\Mercury
├── 🔨 Created function device_info.
├── 🔨 Created function build.
├── 🔨 Created function build_peers.
├── 🔨 Created function ptxas.
├── 🔨 Created function test.
├── 🔨 Created function bench.
├── 🔨 Created function peers.
├── 🔨 Created function cutlass.
├── 🔨 Created function marlin.
├── 🔨 Created function framework.
└── 🔨 Created function interactive.

==========
== CUDA ==
==========

CUDA Version 12.9.2

Container image Copyright (c) 2016-2023, NVIDIA CORPORATION & AFFILIATES. All rights reserved.

This container image and its contents are governed by the NVIDIA Deep Learning Container License.
By pulling and using the container, you accept the terms and conditions of this license:
https://developer.nvidia.com/ngc/nvidia-deep-learning-container-license

A copy of this license is made available in this container at /NGC-DL-CONTAINER-LICENSE for your convenience.

[meter] bench: H100 + 8.0 cpu + 16 GiB = $4.456/hr; timeout 7200s caps this call at $8.91
[src] 810 files stamped; 0 new/changed since the last run (incremental)
Sweep on H100 — PEER_REQUIRED=1, STRONG_PEERS=(none declared)
[clock] lock: refused (The current user does not have permission to change clocks for GPU 00000000:96:00.0.); running unlocked -- read the per-arm [clock] lines instead
[clock] before int4_gemm_vs_peers: 345 MHz, 3201 MHz, 31, 77.98 W

[1m$ cargo test -p wukong_codegen_gpu --features gpu --release -- int4_gemm_vs_peers --ignored --nocapture --test-threads=1[0m
info: syncing channel updates for stable-x86_64-unknown-linux-gnu
info: latest update on 2026-07-16 for version 1.97.1 (8bab26f4f 2026-07-14)
info: downloading component clippy
[1m[92m    Finished[0m `release` profile [optimized] target(s) in 0.35s
[1m[92m     Running[0m unittests src/lib.rs (/persist/target/release/deps/wukong_codegen_gpu-53f0e4b228126785)

running 1 test
device: NVIDIA H200
[gate] Wukong W4A16 + naive CUDA-C W4A16 both match the f64 dequant oracle ✓
[peer] No robust library int4-decode GEMM is bindable here (cuBLASLt has no general W4A16 decode), so naive CUDA-C is the honest Tier-A peer and M4 is a *documented lead*.

64x4096x4096 W4A16 (same-run):
  Wukong W4A16     :    20818 GFLOP/s |   43.7× vs naive CUDA-C |  1.05× vs Wukong fp16 (same tile)
  Wukong W4A16 stat:    20485 GFLOP/s |  1.00× vs dynamic (same raw-JIT load; M/N/K baked)
  Wukong fp16      :    19865 GFLOP/s | full fp16 weights — the HBM traffic int4 avoids
  naive CUDA-C      :      476 GFLOP/s | Tier-A int4 baseline (no robust library peer exists)
  weight HBM/pass: int4 8.4 MB vs fp16 33.6 MB (4.0× less weight traffic)

64x2048x2048 W4A16 (same-run):
  Wukong W4A16     :    10208 GFLOP/s |   16.5× vs naive CUDA-C |  1.02× vs Wukong fp16 (same tile)
  Wukong W4A16 stat:    10046 GFLOP/s |  1.00× vs dynamic (same raw-JIT load; M/N/K baked)
  Wukong fp16      :     9978 GFLOP/s | full fp16 weights — the HBM traffic int4 avoids
  naive CUDA-C      :      620 GFLOP/s | Tier-A int4 baseline (no robust library peer exists)
  weight HBM/pass: int4 2.1 MB vs fp16 8.4 MB (4.0× less weight traffic)

256x2048x2048 W4A16 (same-run):
  Wukong W4A16     :    40703 GFLOP/s |   65.4× vs naive CUDA-C |  1.02× vs Wukong fp16 (same tile)
  Wukong W4A16 stat:    40060 GFLOP/s |  1.00× vs dynamic (same raw-JIT load; M/N/K baked)
  Wukong fp16      :    39750 GFLOP/s | full fp16 weights — the HBM traffic int4 avoids
  naive CUDA-C      :      622 GFLOP/s | Tier-A int4 baseline (no robust library peer exists)
  weight HBM/pass: int4 2.1 MB vs fp16 8.4 MB (4.0× less weight traffic)

512x512x512 W4A16 (same-run):
  Wukong W4A16     :    18057 GFLOP/s |   22.6× vs naive CUDA-C |  1.02× vs Wukong fp16 (same tile)
  Wukong W4A16 stat:    17818 GFLOP/s |  1.00× vs dynamic (same raw-JIT load; M/N/K baked)
  Wukong fp16      :    17755 GFLOP/s | full fp16 weights — the HBM traffic int4 avoids
  naive CUDA-C      :      798 GFLOP/s | Tier-A int4 baseline (no robust library peer exists)
  weight HBM/pass: int4 0.1 MB vs fp16 0.5 MB (4.0× less weight traffic)
test gpu::tests::int4_gemm_vs_peers ... ok

test result: ok. 1 passed; 0 failed; 0 ignored; 0 measured; 562 filtered out; finished in 3.21s

[1m[92m   Doc-tests[0m wukong_codegen_gpu

running 0 tests

test result: ok. 0 passed; 0 failed; 0 ignored; 0 measured; 2 filtered out; finished in 0.00s

[1m-> ok in 12.3s[0m
[clock] after int4_gemm_vs_peers: 390 MHz, 3201 MHz, 31, 79.24 W
[meter] bench: 12.9s wall = $0.016 (record this in the round log)
✓ App completed. View run at 
https://modal.com/apps/aidanht/main/ap-3NCT940jYYMjlnwZ5pB8fD
