✓ Initialized. View run at 
https://modal.com/apps/aidanht/main/ap-C1E2HaDq0p67MektC84COJ
✓ Created objects.
├── 🔨 Created mount 
│   C:\Users\Quant\Documents\Programming\Projects\Compiler\Mercury\tools\cloud\
│   modal_app.py
├── 🔨 Created mount 
│   C:\Users\Quant\Documents\Programming\Projects\Compiler\Mercury
├── 🔨 Created function device_info.
├── 🔨 Created function build.
├── 🔨 Created function build_peers.
├── 🔨 Created function ptxas.
├── 🔨 Created function test.
├── 🔨 Created function bench.
├── 🔨 Created function peers.
├── 🔨 Created function cutlass.
├── 🔨 Created function marlin.
├── 🔨 Created function framework.
└── 🔨 Created function interactive.

==========
== CUDA ==
==========

CUDA Version 12.9.2

Container image Copyright (c) 2016-2023, NVIDIA CORPORATION & AFFILIATES. All rights reserved.

This container image and its contents are governed by the NVIDIA Deep Learning Container License.
By pulling and using the container, you accept the terms and conditions of this license:
https://developer.nvidia.com/ngc/nvidia-deep-learning-container-license

A copy of this license is made available in this container at /NGC-DL-CONTAINER-LICENSE for your convenience.

[meter] bench: H100 + 8.0 cpu + 16 GiB = $4.456/hr; timeout 7200s caps this call at $8.91
[src] 810 files stamped; 0 new/changed since the last run (incremental)
Sweep on H100 — PEER_REQUIRED=1, STRONG_PEERS=(none declared)
[clock] lock: refused (The current user does not have permission to change clocks for GPU 00000000:8C:00.0.); running unlocked -- read the per-arm [clock] lines instead
[clock] before wgmma_k_sweep: 345 MHz, 2619 MHz, 33, 72.98 W

[1m$ cargo test -p wukong_codegen_gpu --features gpu --release -- wgmma_k_sweep --ignored --nocapture --test-threads=1[0m
info: syncing channel updates for stable-x86_64-unknown-linux-gnu
info: latest update on 2026-07-16 for version 1.97.1 (8bab26f4f 2026-07-14)
info: downloading component clippy
[1m[92m    Finished[0m `release` profile [optimized] target(s) in 0.38s
[1m[92m     Running[0m unittests src/lib.rs (/persist/target/release/deps/wukong_codegen_gpu-53f0e4b228126785)

running 1 test

================ wgmma_k_sweep ================
# ---- wukong GPU round provenance (GPU_RETARGET_PLAN.md 6.1, emitted by the harness) ----
round          : wgmma_k_sweep
gpu            : NVIDIA H100 80GB HBM3
compute cap    : 9.0
SMs            : 132
spec check     : VERIFIED against spec (132 SMs, cc 9.0; GH100 SXM5 / NVL, 16896 cores / 128)
opt-in SMEM    : 232448 B
L2             : 52428800 B
VRAM           : 85017624576 B
driver CUDA API: 13.0 (13000)
CUDA runtime   : none linked (driver API only: PTX is JIT-loaded by the driver)
kmd driver     : 580.95.05
provider / SKU : n/a / n/a
clock lock     : UNKNOWN (undeclared)
clocks before  : sm 1980 MHz  mem 2619.0 MHz  temp 34.0 C  power 119.0 W
peer (arms A,C): cuBLAS f16 (f32 out)
plan           : 2 rows x 4 K points at fixed M=N=2048, 5 recorded rounds + 1 warm-up, bar +/-5.00%
the question   : down a column of fixed M*N, the EPILOGUE's cost is constant and the MAINLOOP's is
                 linear in K, so the intercept of a line through the points is prologue + epilogue.
                 The elided row is the same kernel with the stores removed, so the difference at any
                 point IS the epilogue -- measured on ONE kernel instead of inferred from two shapes.
bench machine_floor: floor +1.82% (peer A-vs-C), contender spread n/a (ours), bar +/-5.00%, median of 5 rounds  [GATE SHUT: control-only round: the floor is measured, but there is no contender arm to publish]
  field                                 A              C              B      C/A-1      B/A-1   B spread  verdict
  probe_us                      11.471150      11.679500            n/a     +1.82%        n/a        n/a  no-contender

---- wgmma_k_sweep: correctness, before a single timed launch ----
  w1_s4_mcb2     320x288x640 grid 3x4 (3x3 tiles, 5 ktiles, ragged M/N/K): EXACT on all 204800 lanes; random arm within 1.62e-5 of the f64 reference (worst lane 23937: 6.68e-6 of 2.91e-4); bit-identical over two runs; seed 0x57455f4152455f32
  w1_mcb_nostore wgmma_nt_f16_128x256x64_s4_mcb2_nostore: NOT GATED, and cannot be -- this row writes no C. It is a DIAGNOSTIC arm and its number is only ever read as a DIFFERENCE.

---- wgmma_k_sweep: round close ----
# ---- wukong GPU round provenance (GPU_RETARGET_PLAN.md 6.1, emitted by the harness) ----
round          : wgmma_k_sweep
gpu            : NVIDIA H100 80GB HBM3
compute cap    : 9.0
SMs            : 132
spec check     : VERIFIED against spec (132 SMs, cc 9.0; GH100 SXM5 / NVL, 16896 cores / 128)
opt-in SMEM    : 232448 B
L2             : 52428800 B
VRAM           : 85017624576 B
driver CUDA API: 13.0 (13000)
CUDA runtime   : none linked (driver API only: PTX is JIT-loaded by the driver)
kmd driver     : 580.95.05
provider / SKU : n/a / n/a
clock lock     : UNKNOWN (undeclared)
clocks before  : sm 1980 MHz  mem 2619.0 MHz  temp 34.0 C  power 119.0 W
clocks after   : sm 1845 MHz  mem 2619.0 MHz  temp 41.0 C  power 339.3 W
sm clock drift : +6.82% (bar +/-5.00%)
wall           : 5.6 s
cost estimate  : n/a (set WUKONG_GPU_USD_PER_HR)
publish gate   : CLOSED - SM clock drifted +6.82% across the round (bar +/-5.00%) — this was not one machine throughout
*** THIS ROUND PUBLISHES NOTHING ***

---- wgmma_k_sweep: per-cell verdicts ----
[w1_s4_mcb2/k512_mn2048]
bench wgmma_k_sweep@w1_s4_mcb2/k512_mn2048: floor +0.40% (peer A-vs-C), contender spread +0.23% (ours), bar +/-5.00%, median of 5 rounds
  field                                 A              C              B      C/A-1      B/A-1   B spread  verdict
  gemm_ms                        0.011778       0.011825       0.026956     +0.40%   +128.87%     +0.23%  moved
[w1_s4_mcb2/k1024_mn2048]
bench wgmma_k_sweep@w1_s4_mcb2/k1024_mn2048: floor +0.22% (peer A-vs-C), contender spread +0.13% (ours), bar +/-5.00%, median of 5 rounds
  field                                 A              C              B      C/A-1      B/A-1   B spread  verdict
  gemm_ms                        0.016272       0.016308       0.031654     +0.22%    +94.53%     +0.13%  moved
[w1_s4_mcb2/k2048_mn2048]
bench wgmma_k_sweep@w1_s4_mcb2/k2048_mn2048: floor +0.36% (peer A-vs-C), contender spread +0.80% (ours), bar +/-5.00%, median of 5 rounds
  field                                 A              C              B      C/A-1      B/A-1   B spread  verdict
  gemm_ms                        0.026070       0.026165       0.041791     +0.36%    +60.30%     +0.80%  moved
[w1_s4_mcb2/k4096_mn2048]
bench wgmma_k_sweep@w1_s4_mcb2/k4096_mn2048: floor +0.56% (peer A-vs-C), contender spread +1.98% (ours), bar +/-5.00%, median of 5 rounds
  field                                 A              C              B      C/A-1      B/A-1   B spread  verdict
  gemm_ms                        0.044215       0.043967       0.060127     -0.56%    +35.99%     +1.98%  moved
[w1_mcb_nostore/k512_mn2048]
bench wgmma_k_sweep@w1_mcb_nostore/k512_mn2048: floor +0.27% (peer A-vs-C), contender spread +0.10% (ours), bar +/-5.00%, median of 5 rounds
  field                                 A              C              B      C/A-1      B/A-1   B spread  verdict
  gemm_ms                        0.011787       0.011820       0.009484     +0.27%    -19.54%     +0.10%  moved
[w1_mcb_nostore/k1024_mn2048]
bench wgmma_k_sweep@w1_mcb_nostore/k1024_mn2048: floor +0.32% (peer A-vs-C), contender spread +0.71% (ours), bar +/-5.00%, median of 5 rounds
  field                                 A              C              B      C/A-1      B/A-1   B spread  verdict
  gemm_ms                        0.016187       0.016134       0.014192     -0.32%    -12.32%     +0.71%  moved
[w1_mcb_nostore/k2048_mn2048]
bench wgmma_k_sweep@w1_mcb_nostore/k2048_mn2048: floor +1.19% (peer A-vs-C), contender spread +1.27% (ours), bar +/-5.00%, median of 5 rounds
  field                                 A              C              B      C/A-1      B/A-1   B spread  verdict
  gemm_ms                        0.026093       0.026403       0.023059     +1.19%    -11.63%     +1.27%  moved
[w1_mcb_nostore/k4096_mn2048]
bench wgmma_k_sweep@w1_mcb_nostore/k4096_mn2048: floor +0.65% (peer A-vs-C), contender spread +2.62% (ours), bar +/-5.00%, median of 5 rounds
  field                                 A              C              B      C/A-1      B/A-1   B spread  verdict
  gemm_ms                        0.044615       0.044905       0.042381     +0.65%     -5.01%     +2.62%  moved

---- wgmma_k_sweep: milliseconds per launch at M=N=2048 (DIAGNOSTIC; clock-dependent) ----
  K                    w1_s4_mcb2   w1_mcb_nostore         epilogue
  512                      0.0270           0.0095           0.0175
  1024                     0.0317           0.0142           0.0175
  2048                     0.0418           0.0231           0.0187
  4096                     0.0601           0.0424           0.0177
  w1_s4_mcb2     ms = 9.270688e-6 * K + 0.022332 -- the slope is the mainloop per K element, the intercept is prologue + epilogue at this M*N
  w1_mcb_nostore ms = 9.168783e-6 * K + 0.004675 -- the slope is the mainloop per K element, the intercept is prologue ALONE (no epilogue in this row) at this M*N
=============================================================

test gpu::tests::wgmma_k_sweep ... ok

test result: ok. 1 passed; 0 failed; 0 ignored; 0 measured; 562 filtered out; finished in 6.68s

[1m[92m   Doc-tests[0m wukong_codegen_gpu

running 0 tests

test result: ok. 0 passed; 0 failed; 0 ignored; 0 measured; 2 filtered out; finished in 0.00s

[1m-> ok in 9.2s[0m
[clock] after wgmma_k_sweep: 1980 MHz, 2619 MHz, 37, 168.70 W
[meter] bench: 10.0s wall = $0.012 (record this in the round log)
✓ App completed. View run at 
https://modal.com/apps/aidanht/main/ap-C1E2HaDq0p67MektC84COJ
